// Jest Snapshot v1, https://goo.gl/fbAQLP

exports[`<Cell/> that it matches the snapshot when lit 1`] = `<DocumentFragment />`;

exports[`<Cell/> that it matches the snapshot when not lit 1`] = `<DocumentFragment />`;
